------------------------------------------------------------
Timing Analyzer Summary
------------------------------------------------------------

Type  : Slow 1200mV 85C Model Setup 'clk'
Slack : 9.996
TNS   : 0.000

Type  : Slow 1200mV 85C Model Hold 'clk'
Slack : 0.329
TNS   : 0.000

Type  : Slow 1200mV 85C Model Recovery 'clk'
Slack : 13.646
TNS   : 0.000

Type  : Slow 1200mV 85C Model Removal 'clk'
Slack : 5.584
TNS   : 0.000

Type  : Slow 1200mV 85C Model Minimum Pulse Width 'clk'
Slack : 9.552
TNS   : 0.000

Type  : Slow 1200mV 0C Model Setup 'clk'
Slack : 10.920
TNS   : 0.000

Type  : Slow 1200mV 0C Model Hold 'clk'
Slack : 0.341
TNS   : 0.000

Type  : Slow 1200mV 0C Model Recovery 'clk'
Slack : 14.193
TNS   : 0.000

Type  : Slow 1200mV 0C Model Removal 'clk'
Slack : 4.984
TNS   : 0.000

Type  : Slow 1200mV 0C Model Minimum Pulse Width 'clk'
Slack : 9.558
TNS   : 0.000

Type  : Fast 1200mV 0C Model Setup 'clk'
Slack : 14.885
TNS   : 0.000

Type  : Fast 1200mV 0C Model Hold 'clk'
Slack : 0.132
TNS   : 0.000

Type  : Fast 1200mV 0C Model Recovery 'clk'
Slack : 16.558
TNS   : 0.000

Type  : Fast 1200mV 0C Model Removal 'clk'
Slack : 2.858
TNS   : 0.000

Type  : Fast 1200mV 0C Model Minimum Pulse Width 'clk'
Slack : 9.202
TNS   : 0.000

------------------------------------------------------------
